CREATE EXTENSION IF NOT EXISTS test_logindex;
NOTICE:  extension "test_logindex" already exists, skipping
SET client_min_messages TO 'error';
CHECKPOINT;
-- See README for explanation of arguments:
BEGIN;
SET TRANSACTION ISOLATION LEVEL SERIALIZABLE, READ ONLY, DEFERRABLE;
SELECT test_mini_trans();
 test_mini_trans 
-----------------
 
(1 row)

ABORT;
RESET client_min_messages;
