CREATE EXTENSION test_read_core_pattern;
-- See README for explanation of arguments:
SELECT test_read_core_pattern();
 test_read_core_pattern 
------------------------
 
(1 row)

