-- This is a proxy process
select pg_sleep(0.5); -- 0.5s
 pg_sleep 
----------
 
(1 row)

SELECT test_cancel_key(true);
 test_cancel_key 
-----------------
 
(1 row)

select pg_sleep(0.5); -- 1.0s
 pg_sleep 
----------
 
(1 row)

select pid from pg_stat_activity where pid = 0; -- None (b is unset and will return real pid)
 pid 
-----
(0 rows)

select pid from pg_stat_activity where pid > 10000000 order by pid; -- 10000009
   pid    
----------
 10000009
(1 row)

select pg_sleep(0.5); -- 1.5s
 pg_sleep 
----------
 
(1 row)

set polar_virtual_pid = 10000001;
select pid from pg_stat_activity where pid = 0; -- None
 pid 
-----
(0 rows)

select pid from pg_stat_activity where pid > 10000000 order by pid; -- 10000001 and 10000009
   pid    
----------
 10000001
 10000009
(2 rows)

select pg_sleep(2); -- 3.5 and will be canceled
ERROR:  canceling statement due to user request
